{
    "os": "Darwin",
    "os_version": "Darwin Kernel Version 25.5.0: Mon Apr 27 20:39:29 PDT 2026; root:xnu-12377.121.6~2/RELEASE_ARM64_T8142",
    "architecture": [
        "64bit",
        "Mach-O"
    ],
    "machine": "arm64",
    "cpu_info": "Apple M5\n",
    "memory_info": "Mach Virtual Memory Statistics: (page size of 16384 bytes)\nPages free:                                    26676.\nPages active:                                 515280.\nPages inactive:                               511202.\nPages speculative:                              4456.\nPages throttled:                                   0.\nPages wired down:                             178204.\nPages purgeable:                               22977.\n\"Translation faults\":                      353254614.\nPages copy-on-write:                         8993835.\nPages zero filled:                         581101986.\nPages reactivated:                          15285124.\nPages purged:                                3524485.\nFile-backed pages:                            374726.\nAnonymous pages:                              656212.\nPages stored in compressor:                   653277.\nPages occupied by compressor:                 293538.\nDecompressions:                              8501034.\nCompressions:                               12030731.\nPageins:                                    18849338.\nPageouts:                                     150395.\nSwapins:                                           0.\nSwapouts:                                          0.\nPages tagged:                                 204057.\nPages tagged resident:                        142371.\nPages tagged compressed:                       61686.\nPages tag-storage:                             49152.\nPages tag-storage holding tags:                 7060.\nPages tag-storage free:                          200.\nPages tag-storage non-tag pageable:            41808.\nPages tag-storage non-tag wired:                  84.\nBytes of compressed tags:                    8256128.\nTagged compressions:                          706048.\nTagged decompressions:                        559344.\n",
    "disk_info": "Filesystem        Size    Used   Avail Capacity iused ifree %iused  Mounted on\n/dev/disk3s1s1   460Gi    12Gi   105Gi    11%    459k  1.1G    0%   /\ndevfs            213Ki   213Ki     0Bi   100%     736     0  100%   /dev\n/dev/disk3s6     460Gi    20Ki   105Gi     1%       0  1.1G    0%   /System/Volumes/VM\n/dev/disk3s2     460Gi   8.5Gi   105Gi     8%    1.5k  1.1G    0%   /System/Volumes/Preboot\n/dev/disk3s4     460Gi   7.6Mi   105Gi     1%     110  1.1G    0%   /System/Volumes/Update\n/dev/disk1s2     550Mi   6.0Mi   530Mi     2%       1  5.4M    0%   /System/Volumes/xarts\n/dev/disk1s1     550Mi   5.9Mi   530Mi     2%      43  5.4M    0%   /System/Volumes/iSCPreboot\n/dev/disk1s3     550Mi   3.5Mi   530Mi     1%     108  5.4M    0%   /System/Volumes/Hardware\n/dev/disk3s5     460Gi   334Gi   105Gi    77%    2.5M  1.1G    0%   /System/Volumes/Data\nmap auto_home      0Bi     0Bi     0Bi   100%       0     0     -   /System/Volumes/Data/home\n/dev/disk5s1      17Gi    16Gi   444Mi    98%    627k  4.6M   12%   /Library/Developer/CoreSimulator/Volumes/iOS_23F77\n/dev/disk7s1      17Gi    16Gi   444Mi    98%    626k  4.5M   12%   /Library/Developer/CoreSimulator/Volumes/iOS_23E254a\n/dev/disk9s1      17Gi    16Gi   447Mi    98%    626k  4.6M   12%   /Library/Developer/CoreSimulator/Volumes/iOS_23E244\n"
}